# serializer version: 1
# name: test_request
  Request(id='abc123', event='EVENT_TEST', data={'test': 'test'})
# ---
