# serializer version: 1
# name: test_keyboard_text
  KeyboardText(text='Test')
# ---
