# serializer version: 1
# name: test_update
  Update(version='4.1.1.dev0')
# ---
