# serializer version: 1
# name: test_media_get_file
  MediaGetFile(base='music', path='path/to/file')
# ---
