# serializer version: 1
# name: test_media_directories
  list([
    MediaDirectory(key='music', path='path/to/file'),
  ])
# ---
