# serializer version: 1
# name: test_media_play
  MediaPlay(url='https://www.example.com/audio.mp3', album='Album', artist='Artist', autoplay=True, cover='https://www.example.com/cover.png', title='Title', volume=100)
# ---
