# serializer version: 1
# name: test_open_url
  OpenUrl(url='https://www.example.com')
# ---
