# serializer version: 1
# name: test_media_control
  MediaControl(action='PLAY', value=True)
# ---
