# serializer version: 1
# name: test_keyboard_key
  KeyboardKey(key='A')
# ---
